PHPUnit 11.5.55 by Sebastian Bergmann and contributors.

Runtime:       PHP 8.2.12
Configuration: C:\xampp\htdocs\Hinaguan_Nature_Park\hinaguan-system\phpunit.xml


   FAIL  Tests\Feature\ReservationPrototypeTest
  Γ£ô it shows sample amenities when none exist                            6.31s  
  Γ¿» it creates a reservation and reservation amenity when the prototypeΓÇª 0.55s  
  Γ£ô it returns only amenities that are available for the selected dateΓÇª  0.29s  
  Γ¿» it sends a reservation qr email with an embedded qr image            0.15s  
  ΓöÇΓöÇΓöÇΓöÇΓöÇΓöÇΓöÇΓöÇΓöÇΓöÇΓöÇΓöÇΓöÇΓöÇΓöÇΓöÇΓöÇΓöÇΓöÇΓöÇΓöÇΓöÇΓöÇΓöÇΓöÇΓöÇΓöÇΓöÇΓöÇΓöÇΓöÇΓöÇΓöÇΓöÇΓöÇΓöÇΓöÇΓöÇΓöÇΓöÇΓöÇΓöÇΓöÇΓöÇΓöÇΓöÇΓöÇΓöÇΓöÇΓöÇΓöÇΓöÇΓöÇΓöÇΓöÇΓöÇΓöÇΓöÇΓöÇΓöÇΓöÇΓöÇΓöÇΓöÇΓöÇΓöÇΓöÇΓöÇΓöÇΓöÇΓöÇΓöÇΓöÇΓöÇΓöÇΓöÇ  
   FAILED  Tests\Feature\ReservationPrototypeTest > it creates a reservationΓÇª   
  Expected response status code [200] but received 422.
Failed asserting that 422 is identical to 200.

The following errors occurred during the last request:

{
    "message": "The amenities field is required.",
    "errors": {
        "amenities": [
            "The amenities field is required."
        ]
    }
}

  at tests\Feature\ReservationPrototypeTest.php:56
     52Γûò             'check_out' => '2026-07-03',
     53Γûò             'slot' => 'Daytime',
     54Γûò         ]);
     55Γûò 
  Γ₧£  56Γûò         $response->assertStatus(200)
     57Γûò             ->assertJson(['success' => true]);
     58Γûò 
     59Γûò         $this->assertDatabaseHas('reservations', [
     60Γûò             'booker_name' => 'Maria Santos',

  ΓöÇΓöÇΓöÇΓöÇΓöÇΓöÇΓöÇΓöÇΓöÇΓöÇΓöÇΓöÇΓöÇΓöÇΓöÇΓöÇΓöÇΓöÇΓöÇΓöÇΓöÇΓöÇΓöÇΓöÇΓöÇΓöÇΓöÇΓöÇΓöÇΓöÇΓöÇΓöÇΓöÇΓöÇΓöÇΓöÇΓöÇΓöÇΓöÇΓöÇΓöÇΓöÇΓöÇΓöÇΓöÇΓöÇΓöÇΓöÇΓöÇΓöÇΓöÇΓöÇΓöÇΓöÇΓöÇΓöÇΓöÇΓöÇΓöÇΓöÇΓöÇΓöÇΓöÇΓöÇΓöÇΓöÇΓöÇΓöÇΓöÇΓöÇΓöÇΓöÇΓöÇΓöÇΓöÇΓöÇ  
   FAILED  Tests\Feature\ReservationPrototypeTest > it sends a reservation qΓÇª   
  The expected [App\Mail\ReservationQrMail] mailable was not sent.
Failed asserting that false is true.

  at vendor\laravel\framework\src\Illuminate\Support\Testing\Fakes\MailFake.php:92
     88Γûò 
     89Γûò             return;
     90Γûò         }
     91Γûò 
  Γ₧£  92Γûò         PHPUnit::assertTrue(
     93Γûò             $this->sent($mailable, $callback)->count() > 0,
     94Γûò             "The expected [{$mailable}] mailable was not sent.".$suggestion
     95Γûò         );
     96Γûò     }

  1   vendor\laravel\framework\src\Illuminate\Support\Testing\Fakes\MailFake.php:92
  2   vendor\laravel\framework\src\Illuminate\Support\Facades\Facade.php:363


  Tests:    2 failed, 2 passed (10 assertions)
  Duration: 13.89s

Time: 00:07.743, Memory: 48.00 MB

Reservation Prototype (Tests\Feature\ReservationPrototype)
 Γ£ö It shows sample amenities when none exist
 Γ£ÿ It creates a reservation and reservation amenity when the prototype form is submitted
   Γöé
   Γöé Expected response status code [200] but received 422.
   Γöé Failed asserting that 422 is identical to 200.
   Γöé
   Γöé The following errors occurred during the last request:
   Γöé
   Γöé {
   Γöé     "message": "The amenities field is required.",
   Γöé     "errors": {
   Γöé         "amenities": [
   Γöé             "The amenities field is required."
   Γöé         ]
   Γöé     }
   Γöé }
   Γöé
   Γöé C:\xampp\htdocs\Hinaguan_Nature_Park\hinaguan-system\vendor\laravel\framework\src\Illuminate\Testing\TestResponseAssert.php:45
   Γöé C:\xampp\htdocs\Hinaguan_Nature_Park\hinaguan-system\vendor\laravel\framework\src\Illuminate\Testing\TestResponse.php:175
   Γöé C:\xampp\htdocs\Hinaguan_Nature_Park\hinaguan-system\tests\Feature\ReservationPrototypeTest.php:56
   Γöé
 Γ£ö It returns only amenities that are available for the selected date and slot
 Γ£ÿ It sends a reservation qr email with an embedded qr image
   Γöé
   Γöé The expected [App\Mail\ReservationQrMail] mailable was not sent.
   Γöé Failed asserting that false is true.
   Γöé
   Γöé C:\xampp\htdocs\Hinaguan_Nature_Park\hinaguan-system\vendor\laravel\framework\src\Illuminate\Support\Testing\Fakes\MailFake.php:92
   Γöé C:\xampp\htdocs\Hinaguan_Nature_Park\hinaguan-system\vendor\laravel\framework\src\Illuminate\Support\Facades\Facade.php:363
   Γöé C:\xampp\htdocs\Hinaguan_Nature_Park\hinaguan-system\tests\Feature\ReservationPrototypeTest.php:169
   Γöé

FAILURES!
Tests: 4, Assertions: 10, Failures: 2.
